<html>
<body>
<pre>
<h1>µVision Build Log</h1>
<h2>Tool Versions:</h2>
IDE-Version: µVision V5.31.0.0
Copyright (C) 2020 ARM Ltd and ARM Germany GmbH. All rights reserved.
License Information: esraa ahmed, amit, LIC=IK1BF-6YQ6F-BSUYX-H259I-F68JD-W6QKX
 
Tool Versions:
Toolchain:       MDK-ARM Plus  Version: 5.31.0.0
Toolchain Path:  C:\Keil_v5\ARM\ARMCLANG\Bin
C Compiler:      ArmClang.exe V6.14
Assembler:       Armasm.exe V6.14
Linker/Locator:  ArmLink.exe V6.14
Library Manager: ArmAr.exe V6.14
Hex Converter:   FromElf.exe V6.14
CPU DLL:         SARMCM3.DLL V5.31.0.0
Dialog DLL:      DCM.DLL V1.17.3.0
Target DLL:      UL2CM3.DLL V1.163.4.0
Dialog DLL:      TCM.DLL V1.46.0.0
 
<h2>Project:</h2>
D:\FWD advanced Embedded Systems\Second Update for LED Blinking pro\Keil_Test\Pro_Keil_Test.uvprojx
Project File Date:  10/06/2022

<h2>Output:</h2>
*** Using Compiler 'V6.14', folder: 'C:\Keil_v5\ARM\ARMCLANG\Bin'
Rebuild target 'Target 1'
compiling IntCtrl_cfg.c...
compiling port_cfg.c...
compiling gpio.c...
compiling intctrl.c...
../Egypt_FWD_ARM_Project_LED_Control/APP/Src/main.c(18): warning: In file included from...
../Egypt_FWD_ARM_Project_LED_Control/APP/Src/../Inc/main.h(21): warning: In file included from...
../Egypt_FWD_ARM_Project_LED_Control/APP/Inc/../../Services/Inc/simulated_PWM.h(24): warning: In file included from...
../Egypt_FWD_ARM_Project_LED_Control/Services/Inc/../../MCAL/Inc/systick.h(20): warning: In file included from...
../Egypt_FWD_ARM_Project_LED_Control/MCAL/Inc/../../LIB/Configuration/Inc/systick_cfg.h(30): warning: no newline at end of file [-Wnewline-eof]
/*End of File*/
               ^
../Egypt_FWD_ARM_Project_LED_Control/APP/Src/main.c(18): warning: In file included from...
../Egypt_FWD_ARM_Project_LED_Control/APP/Src/../Inc/main.h(24): warning: no newline at end of file [-Wnewline-eof]
#endif
      ^
../Egypt_FWD_ARM_Project_LED_Control/APP/Src/main.c(26): warning: no previous extern declaration for non-static variable 'timeOn' [-Wmissing-variable-declarations]
float timeOn = 1;
      ^
../Egypt_FWD_ARM_Project_LED_Control/APP/Src/main.c(26): note: declare 'static' if the variable is not intended to be used outside of this translation unit
float timeOn = 1;
^
../Egypt_FWD_ARM_Project_LED_Control/APP/Src/main.c(27): warning: no previous extern declaration for non-static variable 'timeOff' [-Wmissing-variable-declarations]
float timeOff = 1;
      ^
../Egypt_FWD_ARM_Project_LED_Control/APP/Src/main.c(27): note: declare 'static' if the variable is not intended to be used outside of this translation unit
float timeOff = 1;
^
4 warnings generated.
compiling main.c...
../Egypt_FWD_ARM_Project_LED_Control/MCAL/Src/systick.c(18): warning: In file included from...
../Egypt_FWD_ARM_Project_LED_Control/MCAL/Src/../Inc/systick.h(20): warning: In file included from...
../Egypt_FWD_ARM_Project_LED_Control/MCAL/Inc/../../LIB/Configuration/Inc/systick_cfg.h(30): warning: no newline at end of file [-Wnewline-eof]
/*End of File*/
               ^
../Egypt_FWD_ARM_Project_LED_Control/MCAL/Src/systick.c(48): warning: no previous prototype for function 'SysTick_Handler' [-Wmissing-prototypes]
void SysTick_Handler(void)
     ^
../Egypt_FWD_ARM_Project_LED_Control/MCAL/Src/systick.c(48): note: declare 'static' if the function is not intended to be used outside of this translation unit
void SysTick_Handler(void)
^
static 
2 warnings generated.
compiling systick.c...
compiling port_driver.c...
../Egypt_FWD_ARM_Project_LED_Control/Services/Src/simulated_PWM.c(18): warning: In file included from...
../Egypt_FWD_ARM_Project_LED_Control/Services/Src/../Inc/simulated_PWM.h(24): warning: In file included from...
../Egypt_FWD_ARM_Project_LED_Control/Services/Inc/../../MCAL/Inc/systick.h(20): warning: In file included from...
../Egypt_FWD_ARM_Project_LED_Control/MCAL/Inc/../../LIB/Configuration/Inc/systick_cfg.h(30): warning: no newline at end of file [-Wnewline-eof]
/*End of File*/
               ^
../Egypt_FWD_ARM_Project_LED_Control/Services/Src/simulated_PWM.c(27): warning: no previous extern declaration for non-static variable 'overflow_counter_on' [-Wmissing-variable-declarations]
volatile uint32_t overflow_counter_on = 0;
                  ^
../Egypt_FWD_ARM_Project_LED_Control/Services/Src/simulated_PWM.c(27): note: declare 'static' if the variable is not intended to be used outside of this translation unit
volatile uint32_t overflow_counter_on = 0;
         ^
../Egypt_FWD_ARM_Project_LED_Control/Services/Src/simulated_PWM.c(29): warning: no previous extern declaration for non-static variable 'overflow_counter_off' [-Wmissing-variable-declarations]
volatile uint32_t overflow_counter_off = 0;
                  ^
../Egypt_FWD_ARM_Project_LED_Control/Services/Src/simulated_PWM.c(29): note: declare 'static' if the variable is not intended to be used outside of this translation unit
volatile uint32_t overflow_counter_off = 0;
         ^
../Egypt_FWD_ARM_Project_LED_Control/Services/Src/simulated_PWM.c(34): warning: no previous prototype for function 'simulatedPWM_callback' [-Wmissing-prototypes]
void simulatedPWM_callback( void )
     ^
../Egypt_FWD_ARM_Project_LED_Control/Services/Src/simulated_PWM.c(34): note: declare 'static' if the function is not intended to be used outside of this translation unit
void simulatedPWM_callback( void )
^
static 
../Egypt_FWD_ARM_Project_LED_Control/Services/Src/simulated_PWM.c(84): warning: implicit conversion turns floating-point number into integer: 'float' to 'uint32_t' (aka 'unsigned int') [-Wfloat-conversion]
                        ticks_on = ( t_on * PIOSC_FREQUENCY );
                                 ~   ~~~~~^~~~~~~~~~~~~~~~~
../Egypt_FWD_ARM_Project_LED_Control/Services/Src/simulated_PWM.c(85): warning: implicit conversion turns floating-point number into integer: 'float' to 'uint32_t' (aka 'unsigned int') [-Wfloat-conversion]
                        ticks_off = ( t_off * PIOSC_FREQUENCY );
                                  ~   ~~~~~~^~~~~~~~~~~~~~~~~
../Egypt_FWD_ARM_Project_LED_Control/Services/Src/simulated_PWM.c(30): warning: no previous extern declaration for non-static variable 'ticks_on' [-Wmissing-variable-declarations]
uint32_t ticks_on;
         ^
../Egypt_FWD_ARM_Project_LED_Control/Services/Src/simulated_PWM.c(30): note: declare 'static' if the variable is not intended to be used outside of this translation unit
uint32_t ticks_on;
^
../Egypt_FWD_ARM_Project_LED_Control/Services/Src/simulated_PWM.c(31): warning: no previous extern declaration for non-static variable 'ticks_off' [-Wmissing-variable-declarations]
uint32_t ticks_off;
         ^
../Egypt_FWD_ARM_Project_LED_Control/Services/Src/simulated_PWM.c(31): note: declare 'static' if the variable is not intended to be used outside of this translation unit
uint32_t ticks_off;
^
8 warnings generated.
compiling simulated_PWM.c...
assembling startup_TM4C123.s...
RTE/Device/TM4C123GH6PM/system_TM4C123.c(13): warning: In file included from...
C:/Users/hp/AppData/Local/Arm/Packs/Keil/TM4C_DFP/1.1.0/Device/Include/TM4C123\TM4C123.h(98): warning: In file included from...
C:/Users/hp/AppData/Local/Arm/Packs/Keil/TM4C_DFP/1.1.0/Device/Include/TM4C123/TM4C123GH6PM.h(298): warning: anonymous unions are a C11 extension [-Wc11-extensions]
  union {
  ^
C:/Users/hp/AppData/Local/Arm/Packs/Keil/TM4C_DFP/1.1.0/Device/Include/TM4C123/TM4C123GH6PM.h(338): warning: anonymous unions are a C11 extension [-Wc11-extensions]
  union {
  ^
C:/Users/hp/AppData/Local/Arm/Packs/Keil/TM4C_DFP/1.1.0/Device/Include/TM4C123/TM4C123GH6PM.h(357): warning: anonymous unions are a C11 extension [-Wc11-extensions]
  union {
  ^
C:/Users/hp/AppData/Local/Arm/Packs/Keil/TM4C_DFP/1.1.0/Device/Include/TM4C123/TM4C123GH6PM.h(713): warning: anonymous unions are a C11 extension [-Wc11-extensions]
  union {
  ^
C:/Users/hp/AppData/Local/Arm/Packs/Keil/TM4C_DFP/1.1.0/Device/Include/TM4C123/TM4C123GH6PM.h(729): warning: anonymous unions are a C11 extension [-Wc11-extensions]
  union {
  ^
C:/Users/hp/AppData/Local/Arm/Packs/Keil/TM4C_DFP/1.1.0/Device/Include/TM4C123/TM4C123GH6PM.h(774): warning: anonymous unions are a C11 extension [-Wc11-extensions]
  union {
  ^
C:/Users/hp/AppData/Local/Arm/Packs/Keil/TM4C_DFP/1.1.0/Device/Include/TM4C123/TM4C123GH6PM.h(779): warning: anonymous unions are a C11 extension [-Wc11-extensions]
  union {
  ^
C:/Users/hp/AppData/Local/Arm/Packs/Keil/TM4C_DFP/1.1.0/Device/Include/TM4C123/TM4C123GH6PM.h(872): warning: anonymous unions are a C11 extension [-Wc11-extensions]
  union {
  ^
C:/Users/hp/AppData/Local/Arm/Packs/Keil/TM4C_DFP/1.1.0/Device/Include/TM4C123/TM4C123GH6PM.h(885): warning: anonymous unions are a C11 extension [-Wc11-extensions]
  union {
  ^
C:/Users/hp/AppData/Local/Arm/Packs/Keil/TM4C_DFP/1.1.0/Device/Include/TM4C123/TM4C123GH6PM.h(892): warning: anonymous unions are a C11 extension [-Wc11-extensions]
  union {
  ^
C:/Users/hp/AppData/Local/Arm/Packs/Keil/TM4C_DFP/1.1.0/Device/Include/TM4C123/TM4C123GH6PM.h(897): warning: anonymous unions are a C11 extension [-Wc11-extensions]
  union {
  ^
C:/Users/hp/AppData/Local/Arm/Packs/Keil/TM4C_DFP/1.1.0/Device/Include/TM4C123/TM4C123GH6PM.h(904): warning: anonymous unions are a C11 extension [-Wc11-extensions]
  union {
  ^
C:/Users/hp/AppData/Local/Arm/Packs/Keil/TM4C_DFP/1.1.0/Device/Include/TM4C123/TM4C123GH6PM.h(910): warning: anonymous unions are a C11 extension [-Wc11-extensions]
  union {
  ^
C:/Users/hp/AppData/Local/Arm/Packs/Keil/TM4C_DFP/1.1.0/Device/Include/TM4C123/TM4C123GH6PM.h(917): warning: anonymous unions are a C11 extension [-Wc11-extensions]
  union {
  ^
C:/Users/hp/AppData/Local/Arm/Packs/Keil/TM4C_DFP/1.1.0/Device/Include/TM4C123/TM4C123GH6PM.h(924): warning: anonymous unions are a C11 extension [-Wc11-extensions]
  union {
  ^
C:/Users/hp/AppData/Local/Arm/Packs/Keil/TM4C_DFP/1.1.0/Device/Include/TM4C123/TM4C123GH6PM.h(929): warning: anonymous unions are a C11 extension [-Wc11-extensions]
  union {
  ^
C:/Users/hp/AppData/Local/Arm/Packs/Keil/TM4C_DFP/1.1.0/Device/Include/TM4C123/TM4C123GH6PM.h(936): warning: anonymous unions are a C11 extension [-Wc11-extensions]
  union {
  ^
C:/Users/hp/AppData/Local/Arm/Packs/Keil/TM4C_DFP/1.1.0/Device/Include/TM4C123/TM4C123GH6PM.h(942): warning: anonymous unions are a C11 extension [-Wc11-extensions]
  union {
  ^
C:/Users/hp/AppData/Local/Arm/Packs/Keil/TM4C_DFP/1.1.0/Device/Include/TM4C123/TM4C123GH6PM.h(949): warning: anonymous unions are a C11 extension [-Wc11-extensions]
  union {
  ^
C:/Users/hp/AppData/Local/Arm/Packs/Keil/TM4C_DFP/1.1.0/Device/Include/TM4C123/TM4C123GH6PM.h(956): warning: anonymous unions are a C11 extension [-Wc11-extensions]
  union {
  ^
C:/Users/hp/AppData/Local/Arm/Packs/Keil/TM4C_DFP/1.1.0/Device/Include/TM4C123/TM4C123GH6PM.h(961): warning: anonymous unions are a C11 extension [-Wc11-extensions]
  union {
  ^
C:/Users/hp/AppData/Local/Arm/Packs/Keil/TM4C_DFP/1.1.0/Device/Include/TM4C123/TM4C123GH6PM.h(968): warning: anonymous unions are a C11 extension [-Wc11-extensions]
  union {
  ^
C:/Users/hp/AppData/Local/Arm/Packs/Keil/TM4C_DFP/1.1.0/Device/Include/TM4C123/TM4C123GH6PM.h(974): warning: anonymous unions are a C11 extension [-Wc11-extensions]
  union {
  ^
C:/Users/hp/AppData/Local/Arm/Packs/Keil/TM4C_DFP/1.1.0/Device/Include/TM4C123/TM4C123GH6PM.h(981): warning: anonymous unions are a C11 extension [-Wc11-extensions]
  union {
  ^
C:/Users/hp/AppData/Local/Arm/Packs/Keil/TM4C_DFP/1.1.0/Device/Include/TM4C123/TM4C123GH6PM.h(988): warning: anonymous unions are a C11 extension [-Wc11-extensions]
  union {
  ^
C:/Users/hp/AppData/Local/Arm/Packs/Keil/TM4C_DFP/1.1.0/Device/Include/TM4C123/TM4C123GH6PM.h(993): warning: anonymous unions are a C11 extension [-Wc11-extensions]
  union {
  ^
C:/Users/hp/AppData/Local/Arm/Packs/Keil/TM4C_DFP/1.1.0/Device/Include/TM4C123/TM4C123GH6PM.h(1000): warning: anonymous unions are a C11 extension [-Wc11-extensions]
  union {
  ^
C:/Users/hp/AppData/Local/Arm/Packs/Keil/TM4C_DFP/1.1.0/Device/Include/TM4C123/TM4C123GH6PM.h(1006): warning: anonymous unions are a C11 extension [-Wc11-extensions]
  union {
  ^
C:/Users/hp/AppData/Local/Arm/Packs/Keil/TM4C_DFP/1.1.0/Device/Include/TM4C123/TM4C123GH6PM.h(1013): warning: anonymous unions are a C11 extension [-Wc11-extensions]
  union {
  ^
C:/Users/hp/AppData/Local/Arm/Packs/Keil/TM4C_DFP/1.1.0/Device/Include/TM4C123/TM4C123GH6PM.h(1020): warning: anonymous unions are a C11 extension [-Wc11-extensions]
  union {
  ^
C:/Users/hp/AppData/Local/Arm/Packs/Keil/TM4C_DFP/1.1.0/Device/Include/TM4C123/TM4C123GH6PM.h(1025): warning: anonymous unions are a C11 extension [-Wc11-extensions]
  union {
  ^
C:/Users/hp/AppData/Local/Arm/Packs/Keil/TM4C_DFP/1.1.0/Device/Include/TM4C123/TM4C123GH6PM.h(1032): warning: anonymous unions are a C11 extension [-Wc11-extensions]
  union {
  ^
C:/Users/hp/AppData/Local/Arm/Packs/Keil/TM4C_DFP/1.1.0/Device/Include/TM4C123/TM4C123GH6PM.h(1038): warning: anonymous unions are a C11 extension [-Wc11-extensions]
  union {
  ^
C:/Users/hp/AppData/Local/Arm/Packs/Keil/TM4C_DFP/1.1.0/Device/Include/TM4C123/TM4C123GH6PM.h(1045): warning: anonymous unions are a C11 extension [-Wc11-extensions]
  union {
  ^
C:/Users/hp/AppData/Local/Arm/Packs/Keil/TM4C_DFP/1.1.0/Device/Include/TM4C123/TM4C123GH6PM.h(1052): warning: anonymous unions are a C11 extension [-Wc11-extensions]
  union {
  ^
C:/Users/hp/AppData/Local/Arm/Packs/Keil/TM4C_DFP/1.1.0/Device/Include/TM4C123/TM4C123GH6PM.h(1057): warning: anonymous unions are a C11 extension [-Wc11-extensions]
  union {
  ^
C:/Users/hp/AppData/Local/Arm/Packs/Keil/TM4C_DFP/1.1.0/Device/Include/TM4C123/TM4C123GH6PM.h(1064): warning: anonymous unions are a C11 extension [-Wc11-extensions]
  union {
  ^
C:/Users/hp/AppData/Local/Arm/Packs/Keil/TM4C_DFP/1.1.0/Device/Include/TM4C123/TM4C123GH6PM.h(1070): warning: anonymous unions are a C11 extension [-Wc11-extensions]
  union {
  ^
C:/Users/hp/AppData/Local/Arm/Packs/Keil/TM4C_DFP/1.1.0/Device/Include/TM4C123/TM4C123GH6PM.h(1077): warning: anonymous unions are a C11 extension [-Wc11-extensions]
  union {
  ^
C:/Users/hp/AppData/Local/Arm/Packs/Keil/TM4C_DFP/1.1.0/Device/Include/TM4C123/TM4C123GH6PM.h(1084): warning: anonymous unions are a C11 extension [-Wc11-extensions]
  union {
  ^
C:/Users/hp/AppData/Local/Arm/Packs/Keil/TM4C_DFP/1.1.0/Device/Include/TM4C123/TM4C123GH6PM.h(1089): warning: anonymous unions are a C11 extension [-Wc11-extensions]
  union {
  ^
C:/Users/hp/AppData/Local/Arm/Packs/Keil/TM4C_DFP/1.1.0/Device/Include/TM4C123/TM4C123GH6PM.h(1096): warning: anonymous unions are a C11 extension [-Wc11-extensions]
  union {
  ^
C:/Users/hp/AppData/Local/Arm/Packs/Keil/TM4C_DFP/1.1.0/Device/Include/TM4C123/TM4C123GH6PM.h(1102): warning: anonymous unions are a C11 extension [-Wc11-extensions]
  union {
  ^
C:/Users/hp/AppData/Local/Arm/Packs/Keil/TM4C_DFP/1.1.0/Device/Include/TM4C123/TM4C123GH6PM.h(1251): warning: anonymous unions are a C11 extension [-Wc11-extensions]
  union {
  ^
44 warnings generated.
compiling system_TM4C123.c...
linking...
Program Size: Code=2224 RO-data=676 RW-data=40 ZI-data=640  
".\Objects\Pro_Keil_Test.axf" - 0 Error(s), 58 Warning(s).

<h2>Software Packages used:</h2>

Package Vendor: ARM
                http://www.keil.com/pack/ARM.CMSIS.5.9.0.pack
                ARM.CMSIS.5.9.0
                CMSIS (Common Microcontroller Software Interface Standard)
   * Component: CORE Version: 5.6.0

Package Vendor: Keil
                http://www.keil.com/pack/Keil.TM4C_DFP.1.1.0.pack
                Keil.TM4C_DFP.1.1.0
                Texas Instruments Tiva C Series Device Support and Examples
   * Component: Startup Version: 1.0.1

<h2>Collection of Component include folders:</h2>
  .\RTE\_Target_1
  C:\Users\hp\AppData\Local\Arm\Packs\ARM\CMSIS\5.9.0\CMSIS\Core\Include
  C:\Users\hp\AppData\Local\Arm\Packs\Keil\TM4C_DFP\1.1.0\Device\Include\TM4C123

<h2>Collection of Component Files used:</h2>

   * Component: ARM::CMSIS:CORE:5.6.0

   * Component: Keil::Device:Startup:1.0.1
      Source file:   Device\Source\ARM\startup_TM4C123.s
      Source file:   Device\Source\system_TM4C123.c
      Include file:  Device\Include\TM4C123\TM4C123.h
Build Time Elapsed:  00:00:10
</pre>
</body>
</html>
